../Core/Src/main.c:116:6:HAL_TIM_IC_CaptureCallback	16	static
../Core/Src/main.c:123:6:HAL_GPIO_EXTI_Callback	16	static
../Core/Src/main.c:143:6:MotorDrive_enable	8	static
../Core/Src/main.c:152:6:Motor_stop	4	static
../Core/Src/main.c:160:6:Motor_direction	16	static
../Core/Src/main.c:171:6:Motor_forward	16	static
../Core/Src/main.c:182:6:Motor_reverse	16	static
../Core/Src/main.c:194:9:PID_Control	8	static
../Core/Src/main.c:254:6:serial_uart	8	static
../Core/Src/main.c:320:5:main	32	static
../Core/Src/main.c:486:6:SystemClock_Config	88	static
../Core/Src/main.c:532:13:MX_I2C2_Init	8	static
../Core/Src/main.c:566:13:MX_TIM1_Init	96	static
../Core/Src/main.c:654:13:MX_TIM2_Init	56	static
../Core/Src/main.c:703:13:MX_TIM3_Init	64	static
../Core/Src/main.c:762:13:MX_TIM4_Init	64	static
../Core/Src/main.c:825:13:MX_TIM5_Init	56	static
../Core/Src/main.c:874:13:MX_TIM8_Init	32	static
../Core/Src/main.c:920:13:MX_TIM11_Init	40	static
../Core/Src/main.c:965:13:MX_USART2_UART_Init	8	static
../Core/Src/main.c:998:13:MX_USART3_UART_Init	8	static
../Core/Src/main.c:1031:13:MX_GPIO_Init	56	static
../Core/Src/main.c:1097:6:Error_Handler	4	static,ignoring_inline_asm
